// Jest Snapshot v1, https://goo.gl/fbAQLP

exports[`ProjectDetails failed renders correctly 1`] = `
<div
  className="MuiPaper-root MuiCard-root projectCardDetails MuiPaper-elevation1 MuiPaper-rounded"
>
  <div
    className="MuiCardHeader-root"
  >
    <div
      className="MuiCardHeader-avatar"
    >
      <div
        aria-label="recipe"
        className="MuiAvatar-root MuiAvatar-circle MuiAvatar-colorDefault"
      >
        L
      </div>
    </div>
    <div
      className="MuiCardHeader-content"
    >
      <span
        className="MuiTypography-root MuiCardHeader-title MuiTypography-body2 MuiTypography-displayBlock"
      >
        Lucius
      </span>
      <span
        className="MuiTypography-root MuiCardHeader-subheader MuiTypography-body2 MuiTypography-colorTextSecondary MuiTypography-displayBlock"
      >
        Malefoy
      </span>
    </div>
    <div
      className="MuiCardHeader-action"
    >
      <div
        className="MuiChip-root statusChip"
        onKeyDown={[Function]}
        onKeyUp={[Function]}
      >
        <span
          className="MuiChip-label"
        >
          Echec
        </span>
      </div>
    </div>
  </div>
  <div
    className="MuiCardMedia-root"
    style={
      Object {
        "backgroundImage": "url(\\"/images/test.png\\")",
        "height": 0,
        "paddingTop": "40%",
      }
    }
  />
  <div
    className="MuiCardContent-root"
  >
    <h2
      className="MuiTypography-root MuiTypography-h5 MuiTypography-gutterBottom"
    >
      Brasserie du midi
    </h2>
    <p
      className="MuiTypography-root MuiTypography-body2 MuiTypography-colorTextSecondary"
    >
      15€ collectés sur 8000€ (0%)
    </p>
    <div
      aria-valuemax={100}
      aria-valuemin={0}
      aria-valuenow={0}
      className="MuiLinearProgress-root MuiLinearProgress-colorSecondary MuiLinearProgress-determinate"
      role="progressbar"
    >
      <div
        className="MuiLinearProgress-bar MuiLinearProgress-barColorSecondary MuiLinearProgress-bar1Determinate"
        style={
          Object {
            "transform": "translateX(-99.8125%)",
          }
        }
      />
    </div>
    <p
      className="MuiTypography-root description MuiTypography-body1"
    >
      Lorem ipsum dolor sit amet, consectetur adipiscing elit, sed do eiusmod tempor incididunt ut labore et dolore magna aliqua. Ut enim ad minim veniam, quis nostrud exercitation ullamco laboris nisi ut aliquip ex ea commodo consequat. Duis aute irure dolor in reprehenderit in voluptate velit esse cillum dolore eu fugiat nulla pariatur. Excepteur sint occaecat cupidatat non proident, sunt in culpa qui officia deserunt mollit anim id est laborum.Sed ut perspiciatis unde omnis iste natus error sit voluptatem accusantium doloremque laudantium, totam rem aperiam, eaque ipsa quae ab illo inventore veritatis et quasi architecto beatae vitae dicta sunt explicabo. Nemo enim ipsam voluptatem quia voluptas sit aspernatur aut odit aut fugit, sed quia consequuntur magni dolores eos qui ratione voluptatem sequi nesciunt. Neque porro quisquam est, qui dolorem ipsum quia dolor sit amet, consectetur, adipisci velit, sed quia non numquam eius modi tempora incidunt ut labore et dolore magnam aliquam quaerat voluptatem. Ut enim ad minima veniam, quis nostrum exercitationem ullam corporis suscipit laboriosam, nisi ut aliquid ex ea commodi consequatur? Quis autem vel eum iure reprehenderit qui in ea voluptate velit esse quam nihil molestiae consequatur, vel illum qui dolorem eum fugiat quo voluptas nulla pariatur?
    </p>
  </div>
</div>
`;

exports[`ProjectDetails in progress renders correctly 1`] = `
<div
  className="MuiPaper-root MuiCard-root projectCardDetails MuiPaper-elevation1 MuiPaper-rounded"
>
  <div
    className="MuiCardHeader-root"
  >
    <div
      className="MuiCardHeader-avatar"
    >
      <div
        aria-label="recipe"
        className="MuiAvatar-root MuiAvatar-circle MuiAvatar-colorDefault"
      >
        H
      </div>
    </div>
    <div
      className="MuiCardHeader-content"
    >
      <span
        className="MuiTypography-root MuiCardHeader-title MuiTypography-body2 MuiTypography-displayBlock"
      >
        Harry
      </span>
      <span
        className="MuiTypography-root MuiCardHeader-subheader MuiTypography-body2 MuiTypography-colorTextSecondary MuiTypography-displayBlock"
      >
        Potter
      </span>
    </div>
    <div
      className="MuiCardHeader-action"
    >
      <div
        className="MuiChip-root statusChip MuiChip-colorSecondary"
        onKeyDown={[Function]}
        onKeyUp={[Function]}
      >
        <span
          className="MuiChip-label"
        >
          En cours
        </span>
      </div>
    </div>
  </div>
  <div
    className="MuiCardMedia-root"
    style={
      Object {
        "backgroundImage": "url(\\"/images/test.png\\")",
        "height": 0,
        "paddingTop": "40%",
      }
    }
  />
  <div
    className="MuiCardContent-root"
  >
    <h2
      className="MuiTypography-root MuiTypography-h5 MuiTypography-gutterBottom"
    >
      Boulangerie bio
    </h2>
    <p
      className="MuiTypography-root MuiTypography-body2 MuiTypography-colorTextSecondary"
    >
      15000€ collectés sur 25000€ (60%)
    </p>
    <div
      aria-valuemax={100}
      aria-valuemin={0}
      aria-valuenow={60}
      className="MuiLinearProgress-root MuiLinearProgress-colorSecondary MuiLinearProgress-determinate"
      role="progressbar"
    >
      <div
        className="MuiLinearProgress-bar MuiLinearProgress-barColorSecondary MuiLinearProgress-bar1Determinate"
        style={
          Object {
            "transform": "translateX(-40%)",
          }
        }
      />
    </div>
    <p
      className="MuiTypography-root description MuiTypography-body1"
    >
      Lorem ipsum dolor sit amet, consectetur adipiscing elit, sed do eiusmod tempor incididunt ut labore et dolore magna aliqua. Ut enim ad minim veniam, quis nostrud exercitation ullamco laboris nisi ut aliquip ex ea commodo consequat. Duis aute irure dolor in reprehenderit in voluptate velit esse cillum dolore eu fugiat nulla pariatur. Excepteur sint occaecat cupidatat non proident, sunt in culpa qui officia deserunt mollit anim id est laborum.Sed ut perspiciatis unde omnis iste natus error sit voluptatem accusantium doloremque laudantium, totam rem aperiam, eaque ipsa quae ab illo inventore veritatis et quasi architecto beatae vitae dicta sunt explicabo. Nemo enim ipsam voluptatem quia voluptas sit aspernatur aut odit aut fugit, sed quia consequuntur magni dolores eos qui ratione voluptatem sequi nesciunt. Neque porro quisquam est, qui dolorem ipsum quia dolor sit amet, consectetur, adipisci velit, sed quia non numquam eius modi tempora incidunt ut labore et dolore magnam aliquam quaerat voluptatem. Ut enim ad minima veniam, quis nostrum exercitationem ullam corporis suscipit laboriosam, nisi ut aliquid ex ea commodi consequatur? Quis autem vel eum iure reprehenderit qui in ea voluptate velit esse quam nihil molestiae consequatur, vel illum qui dolorem eum fugiat quo voluptas nulla pariatur?
    </p>
  </div>
  <div
    className="MuiCardActions-root MuiCardActions-spacing"
  >
    <button
      className="MuiButtonBase-root MuiButton-root MuiButton-text MuiButton-textPrimary MuiButton-textSizeSmall MuiButton-sizeSmall"
      disabled={false}
      onBlur={[Function]}
      onDragLeave={[Function]}
      onFocus={[Function]}
      onKeyDown={[Function]}
      onKeyUp={[Function]}
      onMouseDown={[Function]}
      onMouseLeave={[Function]}
      onMouseUp={[Function]}
      onTouchEnd={[Function]}
      onTouchMove={[Function]}
      onTouchStart={[Function]}
      tabIndex={0}
      type="button"
    >
      <span
        className="MuiButton-label"
      >
        <a>
          Je veux participer
        </a>
      </span>
    </button>
  </div>
</div>
`;

exports[`ProjectDetails success renders correctly 1`] = `
<div
  className="MuiPaper-root MuiCard-root projectCardDetails MuiPaper-elevation1 MuiPaper-rounded"
>
  <div
    className="MuiCardHeader-root"
  >
    <div
      className="MuiCardHeader-avatar"
    >
      <div
        aria-label="recipe"
        className="MuiAvatar-root MuiAvatar-circle MuiAvatar-colorDefault"
      >
        H
      </div>
    </div>
    <div
      className="MuiCardHeader-content"
    >
      <span
        className="MuiTypography-root MuiCardHeader-title MuiTypography-body2 MuiTypography-displayBlock"
      >
        Hermione
      </span>
      <span
        className="MuiTypography-root MuiCardHeader-subheader MuiTypography-body2 MuiTypography-colorTextSecondary MuiTypography-displayBlock"
      >
        Granger
      </span>
    </div>
    <div
      className="MuiCardHeader-action"
    >
      <div
        className="MuiChip-root statusChip MuiChip-colorPrimary"
        onKeyDown={[Function]}
        onKeyUp={[Function]}
      >
        <span
          className="MuiChip-label"
        >
          Succès
        </span>
      </div>
    </div>
  </div>
  <div
    className="MuiCardMedia-root"
    style={
      Object {
        "backgroundImage": "url(\\"/images/test.png\\")",
        "height": 0,
        "paddingTop": "40%",
      }
    }
  />
  <div
    className="MuiCardContent-root"
  >
    <h2
      className="MuiTypography-root MuiTypography-h5 MuiTypography-gutterBottom"
    >
      Cheese'up Fromagerie responsable
    </h2>
    <p
      className="MuiTypography-root MuiTypography-body2 MuiTypography-colorTextSecondary"
    >
      10000€ collectés sur 8000€ (125%)
    </p>
    <div
      aria-valuemax={100}
      aria-valuemin={0}
      aria-valuenow={100}
      className="MuiLinearProgress-root MuiLinearProgress-colorPrimary MuiLinearProgress-determinate"
      role="progressbar"
    >
      <div
        className="MuiLinearProgress-bar MuiLinearProgress-barColorPrimary MuiLinearProgress-bar1Determinate"
        style={
          Object {
            "transform": "translateX(0%)",
          }
        }
      />
    </div>
    <p
      className="MuiTypography-root description MuiTypography-body1"
    >
      Lorem ipsum dolor sit amet, consectetur adipiscing elit, sed do eiusmod tempor incididunt ut labore et dolore magna aliqua. Ut enim ad minim veniam, quis nostrud exercitation ullamco laboris nisi ut aliquip ex ea commodo consequat. Duis aute irure dolor in reprehenderit in voluptate velit esse cillum dolore eu fugiat nulla pariatur. Excepteur sint occaecat cupidatat non proident, sunt in culpa qui officia deserunt mollit anim id est laborum.Sed ut perspiciatis unde omnis iste natus error sit voluptatem accusantium doloremque laudantium, totam rem aperiam, eaque ipsa quae ab illo inventore veritatis et quasi architecto beatae vitae dicta sunt explicabo. Nemo enim ipsam voluptatem quia voluptas sit aspernatur aut odit aut fugit, sed quia consequuntur magni dolores eos qui ratione voluptatem sequi nesciunt. Neque porro quisquam est, qui dolorem ipsum quia dolor sit amet, consectetur, adipisci velit, sed quia non numquam eius modi tempora incidunt ut labore et dolore magnam aliquam quaerat voluptatem. Ut enim ad minima veniam, quis nostrum exercitationem ullam corporis suscipit laboriosam, nisi ut aliquid ex ea commodi consequatur? Quis autem vel eum iure reprehenderit qui in ea voluptate velit esse quam nihil molestiae consequatur, vel illum qui dolorem eum fugiat quo voluptas nulla pariatur?
    </p>
  </div>
</div>
`;
