// Jest Snapshot v1, https://goo.gl/fbAQLP

exports[`Money renders correctly 1`] = `
Array [
  <p
    className="MuiTypography-root MuiTypography-body2 MuiTypography-colorTextSecondary"
  >
    15000€ collectés sur 20000€ (75%)
  </p>,
  <div
    aria-valuemax={100}
    aria-valuemin={0}
    aria-valuenow={75}
    className="MuiLinearProgress-root MuiLinearProgress-colorSecondary MuiLinearProgress-determinate"
    role="progressbar"
  >
    <div
      className="MuiLinearProgress-bar MuiLinearProgress-barColorSecondary MuiLinearProgress-bar1Determinate"
      style={
        Object {
          "transform": "translateX(-25%)",
        }
      }
    />
  </div>,
]
`;
